[  000000 Iitalizingcgou sbsyscpse
    0.0000]Intilingcgou sbss pu
[   .0000] Initializing cgroup subsys cpuacct
[    0.000000] Linux version 4.4.0-146-generic (buildd@lcy01-ad6025) (gcc version 5.4.0 20160609 (Ubuntu 5.4.0-6ubunu11604.10) 172-butuSM Wed Apr 3 9:0:8 TC 2019 (Ubuntu4..014.172-generic 4.4.177)
[    0.0000]Comandlie:BOT_IMAGE/botvminuz-4..014-gneric rot=ABL=loudmgoofs ro console=tty1 console=ttyS0
[    0.000000] KERNEL supportedcps:
[  0.0000]   Intel GenuineIte
[    0.000000]   AMD AuthenticAMD
[    0.00000]   Centar enauHauls
[   .00000 x6/fpu: Lecy x7 U etected.
[   00000] e82: IO-povided physialRA mp:
[    .0000]BIOS-e820: [em0x0000000000000-0x0000000000009fbff] usabl
   0000000] BOSe80:[mem 0x00000000fc00-0x000000000009ffff] reserved
[   00000] BIOS-e820:[mm x000000000f00-0000000000fff] reserved
[    0.000000] BIOS-e820: [mem 0x0000000000100000-0x000000001ffeffff] usable
[    0.000000] BIOS-e820: [mem 0x000000001fff0000-0x000000001fffffff] ACPI data
[    0.000000] BIOS-e820: [mem 0x00000000fe00000x0000000fec00fff] reserved
[    0.000000] BIOS-e820: [mem 0x00000000fee00000-0x00000000fee00fff] reserved
[    0.000000] BIOS-e820: [mem 0x00000000fffc0000-x00000ffffffff] reserved
[    0.000000] NX (Execute Disable) protecton atie
[   .0000] SBIS 2.5 present.
[    0.00000] Hypervisordeecd: KVM
[   .0000] e20lat_pfn =0xff0 ax_arch_pn  040000000
[   .0000] MTRR:Diabed
[    0.000000] x8/PT:MTRs disale, ipping PAT initialization too.
[    0.000000] CPU TR al blank - vrtalze system.
[    0.00000x8/PT:oniguration [0-7]: WB  WT  UC- UC  WB  WT  UC- UC  
[    0.000000] oud MPMP-table at [mem 0x009ff-00009ffff] mapped at [ffff88000009fff0]
[   00000]Scnng 1 areas for low memory corruption
[    0.000000] RAMDISK: [mem 0x1e9a6000-0x1f81ffff]
[    0.000000] ACPI: Early table checksum verification disabed
[    .00000 API RSDP 0x00000000E000 0002 (02 VOX)
[  .000000]ACI:XSDT 0x000001FF03 000C (v01 VBOX   BOSD 00000 AL  00006
    .0000]ACPI: FAC 00000001FF0F0000F4 (v04 VBOX   VBOXFAP 00001 ASL 00001)
   00000] CPI: DDT0x000000FF040 021FF (v02 VBOX   VBOXBIOS 00000002 INTL 20100528)
[    0.000000] ACPI: FACS 0x000000001FFF0200 000040
[    0.000000] ACPI: FACS 0x000000001FFF0200 000040
[    0.000000] ACPI: APIC 0x000000001FFF0240 00005C (v02 VBOX   VBOXAPIC 00000001 ASL  00000061)
[    0.000000] ACPI: SSDT 0x0000001FFF0A0001C (v01VBX  VOXCPUT000002INTL 20008)
[   0.000] No NMAcofiurationfond
[    0.000000] Faking a node at [mem 0x0000000000000000-0x000000001ffeffff]
[    0000000] NODE_DATA(0) allocated [mem 0x1ffeb000-0x1ffeffff]
[    0.000000] kvm-clock: Using msrs 4b564d01 and 4b564d00
[    0.000] vm-cloc: pu0, sr0:ffe3001,prar cpu coc
   0.0000] vmcloc: sig chedofetof 5494091 cyces[    0.000000] clocksource: kvmclck msk: 0xffffffffffffffff max_cycles: 0x1cd42e4dffb, max_idle_ns: 881590591483 ns
[    0.000000] Zone ranges:
[    0.000000]   DMA      [mem 0x0000000000001000-0x0000000fffff]
[    .0000]  DMA32    [mem 0x0000000001000000-0x000000001ffeffff]
[    0.00000  ormal   empty
[    0.000000]   Device   empty
[    0.000000] Movabe on sart fr ac nde
[   .0000] Early meor ne ranges
[    0.000000]   node   0: [mem 0x0000000000001000-x000000009ff][    00000]  node   0 [em0x000000001000-x0000001feff]
[    .0000]Initmemseupnoe 0 [em 0x00000000001000-x000001ffeff][   0.0000 API: PM-Time I Prt 0x4008
[   .0000] IOAIC0] aic_i 2 vrson 32, addrss0xec000, GSI 0-23
[    00.000000] ACPI: INTSR_O (bu 0bu_iq 0 lol_rq 2 df dl)
[    .000000 AI:INT_SC_VRbus 0 usir 9globalir 9lo level)
[    0.000000] Uin API(MDT) for MPconfiguation nfrmtin
[    .0000]smpboot: Alloin 2CPs, 0 htpugCPs
[    0.00000] PM: Registered nosave mmoy:[mem 00000000x0000ff
   0.00000]PM Rgisterd ose memory [em0x009f000-0x00fff]
[    0.000000] M: Registeednoav memoy:me 0x00000-0000effff]
[    0.0000]M: Regstre nsavemeor: me 0x000f00-0000fffff][   .00000] 82: mem x20000-0xfbfff] vailabe or PCI deics
[    0.000000] Booting paravirtualized kernel on KVM
[    0.000000] clocksource: refined-jiffies: mask: 0xffffffff max_cls:0xffffffff, max_idle_ns 7451900211568 ns
[    0.000000] setup_percpu: NR_CPUS:512 nr_cpumask_bits:512 nr_cpu_ids:2 nr_node_ids:1
[    0.000000] PERCPU: Embedded 34 pages/cpu @ffff88001fc00000 s99480 r8192 d31592 u1048576
[    0.000000] Built 1 zonelsts n od order, mobility grouping on.  Total pages: 128888
[    0.000000] Policy zone: DMA32
[    0.000000] Kernel command line: BOOT_IMAGE=/boot/vmlinuz-4.4.0-146-generic root=LABEL=cloudimg-rootfs ro console=tty1 console=ttyS0
[    0.000000] PID hash table entries: 2048 (order: 2, 16384 bte)
[    0.000000] Meor: 481656K/523832K available (8609K kernel code, 1334K rwdata, 4028K rdaa,144K iit 184 bss, 42176K esrvd,0K ca-esrvd)
[    .0000]SLUB: HWalign=64, Order=0-3, MinObjects=0, CPUs=2, Nodes=1
[    0.0000]Kenel/User page abesisolation: enabled
[   .0000] Hirachca RCU implementation
   0000000] Build-time adjustment of leaf faouto 64
   0000000] 	RC rsticin CPU fomNRCPUS=12o r_pu_ids=2.
[    0.000000] RCU: Adjusting geomtr fr cu_fanout_leaf=64, r_puid=2
[    0.000000] NR_IRQS:33024 nr_irqs:440 16
[    0.000000] Console: colour VGA+ 80x25
[    0.000000] console [tty1] enabled
[    0.000000] console [ttyS0] enabled
[   .00000] tsc: Detected 3462.322 MHz processor
[   10.001070] Calibrating delay loop (skipped) preset value.. 6924.64 BogoMIPS (lpj=13849288)
[   10.003278] pid_max: default: 32768 minimum: 301
[   10.019997] ACPI: Core revision 20150930
[   10.038738] ACPI: 2 ACPI AML tables successfully acquired and loaded
[   10.092582] Security Framework initialized
[   10.136324] Yama: becoming mindful.
[   10.164403] AppArmor: AppArmor initialized
[   10.178562] Dentry cache hash table entries: 65536 (order: 7, 524288 bytes)
[   10.180298] Inode-cache hash table entries: 32768 (order: 6, 262144 bytes)
[   10.204671] Mount-cache hash table entries: 1024 (order: 1, 8192 bytes)
[   10.213339] Mountpoint-cache hash table entries: 1024 (order: 1, 8192 bytes)
[   10.264302] Initializing cgroup subsys io
[   10.282277] Initializing cgroup subsys memory
[   10.288721] Initializing cgroup subsys devices
[   10.293689] Initializing cgroup subsys freezer
[   10.316360] Initializing cgroup subsys net_cls
[   10.320788] Initializing cgroup subsys perf_event
[   10.328602] Initializing cgroup subsys net_prio
[   10.333470] Initializing cgroup subsys hugetlb
[   10.384708] Initializing cgroup subsys pids
[   10.408043] mce: CPU supports 0 MCE banks
[   10.421255] Last level iTLB entries: 4KB 512, 2MB 7, 4MB 7
[   10.447377] Last level dTLB entries: 4KB 512, 2MB 32, 4MB 32, 1GB 0
[   10.453257] Spectre V2 : Mitigation: Full generic retpoline
[   10.468479] Spectre V2 : Spectre v2 / SpectreRSB mitigation: Filling RSB on context switch
[   10.532060] Speculative Store Bypass: Vulnerable
[   10.554782] Freeing SMP alternatives memory: 36K
[   10.609076] ftrace: allocating 32287 entries in 127 pages
[   10.688855] smpboot: APIC(0) Converting physical 0 to logical package 0
[   10.748432] smpboot: Max logical packages: 1
[   10.768984] x2apic enabled
[   10.775884] Switched APIC routing to physical x2apic.
[   10.782073] ..TIMER: vector=0x30 apic1=0 pin1=2 apic2=-1 pin2=-1
[   10.891436] smpboot: CPU0: Intel(R) Xeon(R) CPU           X5690  @ 3.47GHz (family: 0x6, model: 0x2c, stepping: 0x2)
[   11.023419] Performance Events: unsupported p6 CPU model 44 no PMU driver, software events only.
[   11.092479] KVM setup paravirtual spinlock
[   11.123929] x86: Booting SMP configuration:
[   11.139627] .... node  #0, CPUs:      #1
[   11.174960] kvm-clock: cpu 1, msr 0:1ffe3041, secondary cpu clock
[   11.183534] mce: CPU supports 0 MCE banks
[   11.198383] x86: Booted up 1 node, 2 CPUs
[   11.207289] smpboot: Total of 2 processors activated (13849.28 BogoMIPS)
[   11.214542] devtmpfs: initialized
[   11.225360] evm: security.selinux
[   11.242965] evm: security.SMACK64
[   11.260519] evm: security.SMACK64EXEC
[   11.290977] evm: security.SMACK64TRANSMUTE
[   11.332727] evm: security.SMACK64MMAP
[   11.335855] evm: security.ima
[   11.336700] evm: security.capability
[   11.341794] clocksource: jiffies: mask: 0xffffffff max_cycles: 0xffffffff, max_idle_ns: 7645041785100000 ns
[   11.368350] futex hash table entries: 512 (order: 3, 32768 bytes)
[   11.377646] pinctrl core: initialized pinctrl subsystem
[   11.430544] RTC time: 18:17:39, date: 06/08/19
[   11.459699] NET: Registered protocol family 16
[   11.521638] cpuidle: using governor ladder
[   11.549932] cpuidle: using governor menu
[   11.596212] PCCT header not found.
[   11.605560] ACPI: bus type PCI registered
[   11.634384] acpiphp: ACPI Hot Plug PCI Controller Driver version: 0.5
[   11.637093] PCI: Using configuration type 1 for base access
[   11.673549] ACPI: Added _OSI(Module Device)
[   11.682280] ACPI: Added _OSI(Processor Device)
[   11.708304] ACPI: Added _OSI(3.0 _SCP Extensions)
[   11.717769] ACPI: Added _OSI(Processor Aggregator Device)
[   11.721675] ACPI: Executed 1 blocks of module-level executable AML code
[   11.770159] ACPI: Interpreter enabled
[   11.782777] ACPI: (supports S0 S5)
[   11.798027] ACPI: Using IOAPIC for interrupt routing
[   11.806740] PCI: Using host bridge windows from ACPI; if necessary, use "pci=nocrs" and report a bug
[   11.818829] ACPI: PCI Root Bridge [PCI0] (domain 0000 [bus 00-ff])
[   11.868267] acpi PNP0A03:00: _OSC: OS supports [ASPM ClockPM Segments MSI]
[   11.931866] acpi PNP0A03:00: _OSC: not requesting OS control; OS requires [ExtendedConfig ASPM ClockPM MSI]
[   11.972081] acpi PNP0A03:00: fail to add MMCONFIG information, can't access extended PCI configuration space under this bridge.
[   11.986094] PCI host bridge to bus 0000:00
[   11.987191] pci_bus 0000:00: root bus resource [io  0x0000-0x0cf7 window]
[   11.995737] pci_bus 0000:00: root bus resource [io  0x0d00-0xffff window]
[   12.017325] pci_bus 0000:00: root bus resource [mem 0x000a0000-0x000bffff window]
[   12.031501] pci_bus 0000:00: root bus resource [mem 0x20000000-0xfdffffff window]
[   12.050978] pci_bus 0000:00: root bus resource [bus 00-ff]
[   12.074953] pci 0000:00:01.1: legacy IDE quirk: reg 0x10: [io  0x01f0-0x01f7]
[   12.084080] pci 0000:00:01.1: legacy IDE quirk: reg 0x14: [io  0x03f6]
[   12.085572] pci 0000:00:01.1: legacy IDE quirk: reg 0x18: [io  0x0170-0x0177]
[   12.087234] pci 0000:00:01.1: legacy IDE quirk: reg 0x1c: [io  0x0376]
[   12.109860] pci 0000:00:07.0: quirk: [io  0x4000-0x403f] claimed by PIIX4 ACPI
[   12.169059] pci 0000:00:07.0: quirk: [io  0x4100-0x410f] claimed by PIIX4 SMB
[   12.191598] ACPI: PCI Interrupt Link [LNKA] (IRQs 5 9 10 *11)
[   12.202199] ACPI: PCI Interrupt Link [LNKB] (IRQs 5 9 *10 11)
[   12.212160] ACPI: PCI Interrupt Link [LNKC] (IRQs 5 *9 10 11)
[   12.214062] ACPI: PCI Interrupt Link [LNKD] (IRQs 5 9 10 *11)
[   12.250609] ACPI: Enabled 2 GPEs in block 00 to 07
[   12.264438] vgaarb: setting as boot device: PCI:0000:00:02.0
[   12.274375] vgaarb: device added: PCI:0000:00:02.0,decodes=io+mem,owns=io+mem,locks=none
[   12.281571] vgaarb: loaded
[   12.282329] vgaarb: bridge control possible 0000:00:02.0
[   12.283793] SCSI subsystem initialized
[   12.284899] ACPI: bus type USB registered
[   12.300117] usbcore: registered new interface driver usbfs
[   12.301478] usbcore: registered new interface driver hub
[   12.302765] usbcore: registered new device driver usb
[   12.304265] PCI: Using ACPI for IRQ routing
[   12.349738] NetLabel: Initializing
[   12.350641] NetLabel:  domain hash size = 128
[   12.361642] NetLabel:  protocols = UNLABELED CIPSOv4
[   12.363136] NetLabel:  unlabeled traffic allowed by default
[   12.395800] amd_nb: Cannot enumerate AMD northbridges
[   12.399927] clocksource: Switched to clocksource kvm-clock
[   2.2463] ApAror ApAmo Fleysm nale
  127703] np PP CP iit
[  1.0321]pn: nPACI:fond3 evce
[   13.357648] clocksource: acpi_pm: mask: 0xffffff max_cycles: 0xffffff, max_idle_ns: 2085701024 ns
[   13.363839] NET: Registered protocol family 2
[   13.365127] TCP established hash table entries: 4096 (order: 3, 32768 bytes)
[   13.366813] TCP bind hash table entries: 4096 (order: 4, 65536 bytes)
[   13.380500] TCP: Hash tables configured (established 4096 bind 4096)
[   13.382051] UDP hash table entries: 256 (order: 1, 8192 bytes)
[   13.383483] UDP-Lite hash table entries: 256 (order: 1, 8192 bytes)
[   13.386570] NET: Registered protocol family 1
[   13.399132] pci 0000:00:00.0: Limiting direct PCI/PCI transfers
[   13.400633] pci 0000:00:01.0: Activating ISA DMA hang workarounds
[   13.404590] Unpacking initramfs...
[  1.6500]Freig nirdmeor: 182K[ 139736] lafom tccms:reiserd latform RTC device (no PNP device found)
[  1.38480] Scnnig orlow emrycorruptio eer 60 secnd
[   14.667816] audit: initializing netlink subsys (disabled)
[   14.716304] audit: type=2000 audit(1560017858.113:1): initialized
[   14.726593] Initialise system trusted keyring
[   14.738027] HugeTLB registered 2 MB page size, pre-allocated 0 pages
[   14.807203] zbud: loaded
[   14.8259]VF: is qots qut_.60[  1.1392]ts: efne TC loksure alibration 3462.332 MH
[   15.519436] clocksoure:ts: as: xfffffffffffma_ccl: x3e81b87, axide_s:44792779 n
 [   15.5955]VF: qut-ace as tbl entries: 512 (order 0, 4096 bytes)
[   15.519770] squashfs: version 4.0 (2009/01/31) Phillip Lougher
[   15.520043] fuse init (API version 7.23)
[   15.520150] Key type big_key registered
[   15.520163] Allocating IMA MOK and blacklist keyrings.
[   15.520445] Key type asymmetric registered
[   15.520447] Asymmetric key parser 'x509' registered
[   15.520479] Block layer SCSI generic (bsg) driver version 0.4 loaded (major 249)
[   15.520519] io scheduler noop registered
[   15.520521] io scheduler deadline registered (default)
[   15.520547] io scheduler cfq registered
[   15.520664] pci_hotplug: PCI Hot Plug PCI Core version: 0.5
[   15.520669] pciehp: PCI Express Hot Plug Controller Driver version: 0.4
[   15.520809] ACPI: AC Adapter [AC] (on-line)
[   15.520855] input: Power Button as /devices/LNXSYSTM:00/LNXPWRBN:00/input/input0
[   15.520858] ACPI: Power Button [PWRF]
[   15.520945] input: Sleep Button as /devices/LNXSYSTM:00/LNXSLPBN:00/input/input1
[   15.520947] ACPI: Sleep Button [SLPF]
[   15.521101] GHES: HEST is not enabled!
[   15.521170] Serial: 8250/16550 driver, 32 ports, IRQ sharing enabled
[   16.215023] 00:02: ttyS0 at I/O 0x3f8 (irq = 4, base_baud = 115200) is a 16550A
[   16.499453] Linux agpgart interface v0.103
[   16.504106] loop: module loaded
[   16.504651] scsi host0: ata_piix
[   16.504738] scsi host1: ata_piix
[   16.504767] ata1: PATA max UDMA/33 cmd 0x1f0 ctl 0x3f6 bmdma 0xd000 irq 14
[   16.504768] ata2: PATA max UDMA/33 cmd 0x170 ctl 0x376 bmdma 0xd008 irq 15
[   16.504827] libphy: Fixed MDIO Bus: probed
[   16.504829] tun: Universal TUN/TAP device driver, 1.6
[   16.504829] tun: (C) 1999-2004 Max Krasnyansky <maxk@qualcomm.com>
[   16.504863] PPP generic driver version 2.4.2
[   16.504905] ehci_hcd: USB 2.0 'Enhanced' Host Controller (EHCI) Driver
[   16.504908] ehci-pci: EHCI PCI platform driver
[   16.504915] ehci-platform: EHCI generic platform driver
[   16.504921] ohci_hcd: USB 1.1 'Open' Host Controller (OHCI) Driver
[   16.504924] ohci-pci: OHCI PCI platform driver
[   16.504930] ohci-platform: OHCI generic platform driver
[   16.504936] uhci_hcd: USB Universal Host Controller Interface driver
[   16.504980] i8042: PNP: PS/2 Controller [PNP0303:PS2K,PNP0f03:PS2M] at 0x60,0x64 irq 1,12
[   16.514025] serio: i8042 KBD port at 0x60,0x64 irq 1
[   16.514030] serio: i8042 AUX port at 0x60,0x64 irq 12
[   16.514136] mousedev: PS/2 mouse device common for all mice
[   16.514480] rtc_cmos rtc_cmos: rtc core: registered rtc_cmos as rtc0
[   16.514531] rtc_cmos rtc_cmos: alarms up to one day, 114 bytes nvram
[   16.514539] i2c /dev entries driver
[   16.514583] device-mapper: uevent: version 1.0.3
[   16.514631] device-mapper: ioctl: 4.34.0-ioctl (2015-10-28) initialised: dm-devel@redhat.com
[   16.514647] ledtrig-cpu: registered to indicate activity on CPUs
[   16.514904] NET: Registered protocol family 10
[   16.515134] NET: Registered protocol family 17
[   16.515142] Key type dns_resolver registered
[   16.515368] registered taskstats version 1
[   16.515379] Loading compiled-in X.509 certificates
[   16.516095] Loaded X.509 cert 'Build time autogenerated kernel key: 4dcb2dc2c7cf43e0c20c44384f68683c20294489'
[   16.516114] zswap: loaded using pool lzo/zbud
[   16.517821] Key type trusted registered
[   16.520767] Key type encrypted registered
[   16.520771] AppArmor: AppArmor sha1 policy hashing enabled
[   16.520774] ima: No TPM chip found, activating TPM-bypass!
[   16.520777] ima: Allocated hash algorithm: sha1
[   16.520792] evm: HMAC attrs: 0x1
[   16.521152]   Magic number: 7:230:291
[   16.521169] tty tty24: hash matches
[   16.526987] rtc_cmos rtc_cmos: setting system clock to 2019-06-08 18:17:45 UTC (1560017865)
[   16.527087] BIOS EDD facility v0.16 2004-Jun-25, 0 devices found
[   16.527088] EDD information not available.
[   16.582622] input: AT Translated Set 2 keyboard as /devices/platform/i8042/serio0/input/input2
[   17.538094] Freeing unused kernel memory: 1484K
[   17.548679] Write protecting the kernel read-only data: 14336k
[   17.557701] Freeing unused kernel memory: 1620K
[   17.576616] Freeing unused kernel memory: 68K
Loading, please wait...
starting version[   17.595215] random: systemd-udevd: uninitialized urandom read (16 bytes read, 4 bits of entropy available)
 229
[   17.598026] random: udevadm: uninitialized urandom read (16 bytes read, 4 bits of entropy available)
[   17.598050] random: udevadm: uninitialized urandom read (16 bytes read, 4 bits of entropy available)
[   17.609065] random: udevadm: uninitialized urandom read (16 bytes read, 4 bits of entropy available)
[   17.609138] random: udevadm: uninitialized urandom read (16 bytes read, 4 bits of entropy available)
[   17.609308] random: udevadm: uninitialized urandom read (16 bytes read, 4 bits of entropy available)
[   17.609376] random: udevadm: uninitialized urandom read (16 bytes read, 4 bits of entropy available)
[   17.609443] random: udevadm: uninitialized urandom read (16 bytes read, 4 bits of entropy available)
[   17.609510] random: udevadm: uninitialized urandom read (16 bytes read, 4 bits of entropy available)
[   17.609582] random: udevadm: uninitialized urandom read (16 bytes read, 4 bits of entropy available)
[   17.732711] Fusion MPT base driver 3.04.20
[   17.736985] Copyright (c) 1999-2008 LSI Corporation
[   17.748532] e1000: Intel(R) PRO/1000 Network Driver - version 7.3.21-k8-NAPI
[   17.753711] e1000: Copyright (c) 1999-2006 Intel Corporation.
[   17.766215] Fusion MPT SPI Host driver 3.04.20
[   17.773284] SSE version of gcm_enc/dec engaged.
[   17.948205] input: ImExPS/2 Generic Explorer Mouse as /devices/platform/i8042/serio1/input/input4
[   18.521445] e1000 0000:00:03.0 eth0: (PCI:33MHz:32-bit) 02:9b:bc:73:96:26
[   18.550708] e1000 0000:00:03.0 eth0: Intel(R) PRO/1000 Network Connection
[   19.521450] e1000 0000:00:08.0 eth1: (PCI:33MHz:32-bit) 08:00:27:02:28:2c
[   19.582444] e1000 0000:00:08.0 eth1: Intel(R) PRO/1000 Network Connection
[   19.605857] mptbase: ioc0: Initiating bringup
[   19.606444] e1000 0000:00:08.0 enp0s8: renamed from eth1
[   19.645837] e1000 0000:00:03.0 enp0s3: renamed from eth0
[   20.054268] ioc0: LSI53C1030 A0: Capabilities={Initiator}
[   20.689205] scsi host2: ioc0: LSI53C1030 A0, FwRev=00000000h, Ports=1, MaxQ=256, IRQ=20
[   22.044656] scsi 2:0:0:0: Direct-Access     VBOX     HARDDISK         1.0  PQ: 0 ANSI: 5
[   22.063101] scsi target2:0:0: Beginning Domain Validation
[   22.072585] scsi target2:0:0: Domain Validation skipping write tests
[   22.076012] scsi target2:0:0: Ending Domain Validation
[   22.077449] scsi target2:0:0: asynchronous
[   22.079089] scsi 2:0:1:0: Direct-Access     VBOX     HARDDISK         1.0  PQ: 0 ANSI: 5
[   22.086099] scsi target2:0:1: Beginning Domain Validation
[   22.089014] scsi target2:0:1: Domain Validation skipping write tests
[   22.103644] scsi target2:0:1: Ending Domain Validation
[   22.114569] scsi target2:0:1: asynchronous
[   22.123057] sd 2:0:0:0: Attached scsi generic sg0 type 0
[   22.136722] sd 2:0:0:0: [sda] 20971520 512-byte logical blocks: (10.7 GB/10.0 GiB)
[   22.161533] sd 2:0:1:0: Attached scsi generic sg1 type 0
[   22.169904] sd 2:0:1:0: [sdb] 20480 512-byte logical blocks: (10.5 MB/10.0 MiB)
[   22.210164] sd 2:0:0:0: [sda] Write Protect is off
[   22.212020] sd 2:0:1:0: [sdb] Write Protect is off
[   22.215205] sd 2:0:1:0: [sdb] Incomplete mode parameter data
[   22.215283] sd 2:0:0:0: [sda] Incomplete mode parameter data
[   22.215284] sd 2:0:0:0: [sda] Assuming drive cache: write through
[   22.253109]  sda: sda1
[   22.253798] sd 2:0:0:0: [sda] Attached SCSI disk
[   22.275557] sd 2:0:1:0: [sdb] Assuming drive cache: write through
[   22.286036] sd 2:0:1:0: [sdb] Attached SCSI disk
Begin: Loading essential drivers[   23.622715] md: linear personality registered for level -1
 ... [   23.665538] md: multipath personality registered for level -4
[   23.674458] md: raid0 personality registered for level 0
[   23.685878] md: raid1 personality registered for level 1
[   23.759952] raid6: sse2x1   gen()  8458 MB/s
[   23.863951] raid6: sse2x1   xor()  6645 MB/s
[   23.948739] raid6: sse2x2   gen() 10165 MB/s
[   24.028709] raid6: sse2x2   xor()  7805 MB/s
[   24.116513] raid6: sse2x4   gen() 11701 MB/s
[   24.219994] raid6: sse2x4   xor()  8555 MB/s
[   24.224908] raid6: using algorithm sse2x4 gen() 11701 MB/s
[   24.242383] raid6: .... xor() 8555 MB/s, rmw enabled
[   24.247483] raid6: using ssse3x2 recovery algorithm
[   24.264146] xor: measuring software checksum speed
[   24.319961]    prefetch64-sse: 14973.000 MB/sec
[   24.364315]    generic_sse: 13255.000 MB/sec
[   24.369547] xor: using function: prefetch64-sse (14973.000 MB/sec)
[   24.393499] async_tx: api initialized (async)
[   24.414479] md: raid6 personality registered for level 6
[   24.454479] md: raid5 personality registered for level 5
[   24.465106] md: raid4 personality registered for level 4
[   24.475872] md: raid10 personality registered for level 10
done.
Begin: Running /scripts/init-premount ... done.
Begin: Mounting root file system ... Begin: Running /scripts/local-top ... done.
Begin: Running /scripts/local-premount ... [   24.545703] Btrfs loaded
Scanning for Btrfs filesystems
done.
Warning: fsck no[   24.592979] EXT4-fs (sda1): mounted filesystem with ordered data mode. Opts: (null)
t present, so skipping root file system
done.
Begin: Running /scripts/local-bottom ... done.
Begin: Running /scripts/init-bottom ... done.
[   24.758706] systemd[1]: systemd 229 running in system mode. (+PAM +AUDIT +SELINUX +IMA +APPARMOR +SMACK +SYSVINIT +UTMP +LIBCRYPTSETUP +GCRYPT +GNUTLS +ACL +XZ -LZ4 +SECCOMP +BLKID +ELFUTILS +KMOD -IDN)
[   24.783357] systemd[1]: Detected virtualization oracle.
[   24.834045] systemd[1]: Detected architecture x86-64.

Welcome to [1mUbuntu 16.04.6 LTS[0m!

[  2.9530]syted[]:Se hstam t <butu.
[   5.2756 sstmd1]: Initializng machie D ro rndom generato.[  2.7250]syted[]:Installed anen /tcmahie-d il.
[  2.3918]sytemd[1]: Reached target Encrypted Volumes.
[[0;32m  OK  [0m] Reached target Encrypted Volumes.
[  26.5020] ysem[1]: Listeningon/dv/nict CmptiiltyNaed Pipe.
[[0;32m  OK  [0m] Listening on /dev/initctl Compatibility Named Pipe.
[  2.9687]syted[]:Litein o uevKene Sckt.

[[0;32m  OK  [0m] Listening on udev Kernel Socket.
[  2.4666] sysemd[1] SaredTrgger resolvconf update for networkd DNS.
[[0;32m  OK  [0m] Started Trigger resolvconf update for networkd DNS.
[   27.671467] ysem[1: eahe trgt ysemTime Sncroizd.

[[0;32m  OK  [0m] Reached target System Time Synchronized.
[   28.054832] systemd[1]:Listenngonudv onro Ske. [[0;32m  OK  [0m] Listening on udev Control Socket.
[   28.500458] systemd[1]: Started Forward Password Requests to Wall Diectory Wach
[[0;32m  OK  [0m] Started Forward Password Requests to Wall Directory Watch.
[  2.9902]syted[]:Litein o LM2meadtadaonsoket.

[[0;32m  OK  [0m] Listening on LVM2 metadata daemon socket.
[   295351] ysem[1: isenngonJouralSoke (dev/og).
[[0;32m  OK  [0m] Listening on Journal Socket (/dev/log).
[  2.9634]syted[]:Litein o LM2po dem sckt.
[[0;32m  OK  [0m] Listening on LVM2 poll daemon socket.
[   30.453798] systemd[1]: Listening on Journal Audit ocket.
[[0;32m  OK  [0m] Listening on Journal Audit Socket.
[  3.5128]systemd[1]: CreatedslceUsr ndSesin lie.
[[0;32m  OK  [0m] Created slice User and Session Slice.
[  3.9841]syted[]:Litein o Dvie-aper event daemon FIFOs.

[[0;32m  OK  [0m] Listening on Device-mapper event daemon FIFOs.
[   31.336208] systemd[1] Lstnig n ysog Socket.
[[0;32m  OK  [0m] Listening on Syslog Socket.
[   1.49850]syted[]:Se u atoout rbtrryExcuabe File FrmtsFie ysemAutomontPont
[[0;32m  OK  [0m] Set up automount Arbitrary Executab...ats File System Automount Point.
[  3.2407]syte[1: isenng on Journal Socket.
[[0;32m  OK  [0m] Listening on Journal Socket.
[   32.496295 systemd[1]: Created slice System Slice.
[[0;32m  OK  [0m] Created slice System Slice.
[   32.548550] systemd[1]: Starting Journal Service...
         Starting Journal Service...
[   32.565305] systemd[1]: Reached target Slices.
[[0;32m  OK  [0m] Reached target Slices.
[   32.599286] systemd[1]: Mounting POSIX Message Queue File System...
         Mounting POSIX Message Queue File System...
[   32.625676] systemd[1]: Starting Remount Root and Kernel File Systems...
         Starting Remount[   32.633601] EXT4-fs (sda1): re-mounted. Opts: (null)
 Root and Kernel File Systems...
[   32.661698] systemd[1]: Starting Set console keymap...
[   32.675677] random: nonblocking pool is initialized
         Starting Set console keymap...
[   32.729311] systemd[1]: Starting Uncomplicated firewall...
         Starting Uncomplicated firewall...
[   32.745478] systemd[1]: Mounting Huge Pages File System...
         Mounting Huge Pages File System...
[   32.773988] systemd[1]: Mounting Debug File System...
         Mounting Debug File System...
[   32.809746] systemd[1]: Starting Nameserver information manager...
         Starting Nameserver information manager...
[   32.888991] systemd[1]: Starting Load Kernel Modules...
         Starting Load Kernel Modules...
[   32.919943] Loading iSCSI transport class v2.0-870.
[   32.920676] systemd[1]: Starting Create list of required static device nodes for the current kernel...
         Starting Create [   32.962472] iscsi: registered transport (tcp)
list of required st... nodes for the current kernel...
[   32.990446] systemd[1]: Created slice system-serial\x2dgetty.slice.
[[0;32m  OK  [0m] Created slice system-serial\x2dgetty.slice.
[   33.006279] iscsi: registered transport (iser)
[   33.052914] systemd[1]: Starting Monitoring of LVM2 mirrors, snapshots etc. using dmeventd or progress polling...
         Starting Monitoring of LVM2 mirrors... dmeventd or progress polling...
[   33.110635] systemd[1]: Reached target User and Group Name Lookups.
[[0;32m  OK  [0m] Reached target User and Group Name Lookups.
[   33.156354] systemd[1]: Reached target Swap.
[[0;32m  OK  [0m] Reached target Swap.
[   33.185510] systemd[1]: Mounted POSIX Message Queue File System.
[[0;32m  OK  [0m] Mounted POSIX Message Queue File System.
[  3.2863]syted[]:Mounted Deug File System.
[[0;32m  OK  [0m] Mounted Debug File System.
[  3.5859]syem[1: oute HgePaesFie ysem
[[0;32m  OK  [0m] Mounted Huge Pages File System.
[   33.97414]syted[]:Strtd ouna Srvce
[[0;32m  OK  [0m] Started Journal Service.
[[0;32m  OK  [0m] Started Remount Root and Kernel File Systems.
[[0;32m  OK  [0m] Started Set console keymap.
[[0;32m  OK  [0m] Started Uncomplicated firewall.
[[0;32m  OK  [0m] Started Load Kernel Modules.
[[0;32m  OK  [0m] Started Create list of required sta...ce nodes for the current kernel.
[[0;32m  OK  [0m] Started Nameserver information manager.
[[0;32m  OK  [0m] Started LVM2 metadata daemon.
         Starting Create Static Device Nodes in /dev...
         Starting Apply Kernel Variables...
         Mounting FUSE Control File System...
         Starting Load/Save Random Seed...
         Starting udev Coldplug all Devices...
         Starting Flush Journal to Persistent Storage...
[[0;32m  OK  [0m] Mounted FUSE Control File System.
[[0;32m  OK  [0m] Started Create Static Device Nodes in /dev.
[[0;32m  OK  [0m] Started Monitoring of LVM2 mirrors,...ng dmeventd or progress polling.
[[0;32m  OK  [0m] Started Apply Kernel Variables.
[[0;32m  OK  [0m] Started Load/Save Random Seed.
[[0;32m  OK  [0m] Started Flush Journal to Persistent Storage.
[[0;32m  OK  [0m] Started udev Coldplug all Devices.
         Starting udev Kernel Device Manager...
[[0;32m  OK  [0m] Reached target Local File Systems (Pre).
[[0;32m  OK  [0m] Reached target Local File Systems.
         Starting Set console font and keymap...
         Starting Create Volatile Files and Directories...
         Starting LSB: AppArmor initialization...
         Starting Commit a transient machine-id on disk...
         Starting Initial cloud-init job (pre-networking)...
         Starting Tell Plymouth To Write Out Runtime Data...
[[0;32m  OK  [0m] Started udev Kernel Device Manager.
[[0;32m  OK  [0m] Started Create Volatile Files and Directories.
[[0;32m  OK  [0m] Started Commit a transient machine-id on disk.
[[0;32m  OK  [0m] Started Tell Plymouth To Write Out Runtime Data.
         Starting Update UTMP about System Boot/Shutdown...
[[0;32m  OK  [0m] Started Dispatch Password Requests to Console Directory Watch.
[[0;32m  OK  [0m] Started Update UTMP about System Boot/Shutdown.
[[0;32m  OK  [0m] Found device /dev/ttyS0.
[[0;32m  OK  [0m] Listening on Load/Save RF Kill Switch Status /dev/rfkill Watch.
[[0;32m  OK  [0m] Started LSB: AppArmor initialization.
[   24.510180] cloud-init[499]: Cloud-init v. 18.5-45-g3554ffe8-0ubuntu1~16.04.1 running 'init-local' at Sat, 08 Jun 2019 18:18:04 +0000. Up 23.97 seconds.
[[0;32m  OK  [0m] Started Initial cloud-init job (pre-networking).
[[0;32m  OK  [0m] Reached target Network (Pre).
         Starting Raise network interfaces...
[[0;32m  OK  [0m] Started Set console font and keymap.
[[0;32m  OK  [0m] Created slice system-getty.slice.
[[0;32m  OK  [0m] Started Raise network interfaces.
         Starting Initial cloud-init job (metadata service crawler)...
[[0;32m  OK  [0m] Reached target Network.
[   25.912376] cloud-init[947]: Cloud-init v. 18.5-45-g3554ffe8-0ubuntu1~16.04.1 running 'init' at Sat, 08 Jun 2019 18:18:06 +0000. Up 25.34 seconds.
[   25.936785] cloud-init[947]: ci-info: ++++++++++++++++++++++++++++++++++++++Net device info+++++++++++++++++++++++++++++++++++++++
[   25.954448] cloud-init[947]: ci-info: +--------+-------+----------------------------+---------------+--------+-------------------+
[   25.992651] [cloud-init[0;32m  OK  [0m[947]: ] ci-info: | Device |   Up  |          Address           |      Mask     | Scope  |     Hw-Address    |Started Initial cloud-init job (metadata service crawler).

[   25.993298] cloud-init[947]: ci-info: +--------+-------+----------------------------+---------------+--------+-------------------+
[   26.026165] [[0;32m  OK  [0m] Reached target Cloud-config availability.
[[0;32m  OK  [0m] Reached target System Initialization.
cloud-init[947]: ci-info: | enp0s3 |  True |         10.0.2.15          | 255.255.255.0 | global | 02:9b:bc:73:96:26 |
[   26.043230] [cloud-init[0;32m  OK  [0m[947]: ] ci-info: | enp0s3 |  True | fe80::9b:bcff:fe73:9626/64 |       .       |  link  | 02:9b:bc:73:96:26 |Started Daily Cleanup of Temporary Directories.

[[0;32m  OK  [0m] Started Daily apt download activities.
[   26.043967] cloud-init[947]: ci-info: | enp0s8 | False |             .              |       .       |   .    | 08:00:27:02:28:2c |
         Starting Socket activation for snappy daemon.
[   26.092123]          cloud-initStarting LXD - unix socket.[947]: 
ci-info: |   lo   |  True |         127.0.0.1          |   255.0.0.0   |  host  |         .         |
[   26.192177] [cloud-init[0;32m  OK  [0m[947]: ] ci-info: |   lo   |  True |          ::1/128           |       .       |  host  |         .         |Listening on UUID daemon activation socket.

[[0;32m  OK  [0m] Started Daily apt upgrade and clean activities.
[[0;32m  OK  [0m] [   26.192816] Reached target Timers.cloud-init
[947]: ci-info: +--------+-------+----------------------------+---------------+--------+-------------------+
[   26.270544] [cloud-init[0;32m  OK  [0m[947]: ] ci-info: +++++++++++++++++++++++++++Route IPv4 info++++++++++++++++++++++++++++Listening on ACPID Listen Socket.

[[0;32m  OK  [0m] Listening on D-Bus System Message Bus Socket.
[   26.271230] cloud-init[947]: ci-info: +-------+-------------+----------+---------------+-----------+-------+
[   26.363577] cloud-init[947]: ci-info: | Route | Destination | Gateway  |    Genmask    | Interface | Flags |
[[0;32m  OK  [0m] Started ACPI Events Check.
[[0;32m  OK  [0m] Reached target Paths.
[[0;32m  OK  [0m] Reached target Network is Online.
[   26.364254] cloud-init[947]: ci-info: +-------+-------------+----------+---------------+-----------+-------+
[   26.412324]          cloud-initStarting iSCSI initiator daemon (iscsid)...[947]: 
ci-info: |   0   |   0.0.0.0   | 10.0.2.2 |    0.0.0.0    |   enp0s3  |   UG  |
[   26.437038] [cloud-init[0;32m  OK  [0m[947]: ] ci-info: |   1   |   10.0.2.0  | 0.0.0.0  | 255.255.255.0 |   enp0s3  |   U   |Listening on Socket activation for snappy daemon.

[[0;32m  OK  [0m] Listening on LXD - unix socket.
[   26.437754] cloud-init[947]: ci-info: +-------+-------------+----------+---------------+-----------+-------+
[   26.485010] [[0;32m  OK  [0m] Started iSCSI initiator daemon (iscsid).
cloud-init[947]: ci-info: +++++++++++++++++++Route IPv6 info+++++++++++++++++++
         Starting Login to default iSCSI targets...
[[0;32m  OK  [0m] Reached target Sockets.
[[0;32m  OK  [0m] Reached target Basic System.
         Starting LXD - container startup/shutdown...
[   26.491710] cloud-init[947]: ci-info: +-------+-------------+---------+-----------+-------+
[   26.576442] [cloud-init[0;32m  OK  [0m[947]: ] ci-info: | Route | Destination | Gateway | Interface | Flags |Started ACPI event daemon.

[   26.577119] cloud-init[947]: ci-info: +-------+-------------+---------+-----------+-------+
[   26.624600]          cloud-initStarting Login Service...[947]: 
ci-info: |   0   |  fe80::/64  |    ::   |   enp0s3  |   U   |
         Starting Accounts Service...
[   26.649178] cloud-init[947]: ci-info: |   3   |   ff00::/8  |    ::   |   enp0s3  |   U   |
[[0;32m  OK  [0m] Started Regular background program processing daemon.
[   26.658283] cloud-init[947]: ci-info: +-------+-------------+---------+-----------+-------+
[   26.688206]          cloud-initStarting /etc/rc.local Compatibility...[947]: 
Generating public/private rsa key pair.
[   26.716539] [cloud-init[0;32m  OK  [0m[947]: ] Your identification has been saved in /etc/ssh/ssh_host_rsa_key.Started D-Bus System Message Bus.

[   26.717139] cloud-init[947]: Your public key has been saved in /etc/ssh/ssh_host_rsa_key.pub.
[   26.768832]          cloud-initStarting System Logging Service...[947]: 
The key fingerprint is:
[   26.804919]          cloud-initStarting LSB: MD monitoring daemon...[947]: 
SHA256:xyuFI43gPEQb6gUj05d3HGtl5fdN+HZ2kqp6onrpp7k root@ubuntu-xenial
[   26.828732]          cloud-initStarting Virtualbox guest utils...[947]: 
The key's randomart image is:
[   26.841255] [cloud-init[0;32m  OK  [0m[947]: ] +---[RSA 2048]----+Started FUSE filesystem for LXC.

[   26.841939] cloud-init[947]: |o.o o. ...o..    |
[   26.895358] cloud-init[947]: | o.=oo. o+ .   . |
[[0;32m  OK  [0m] Started Deferred execution scheduler.
[   26.919700] cloud-init[947]: |  ..=. .o   . o .|
         Starting Pollinate to seed the pseudo random number generator...
         Starting LSB: Record successful boot for GRUB...
[   26.937247] cloud-init[947]: | . = . + o   . =.|
[   26.979544] cloud-init[947]: |  . + o S +   o O|
         Starting Snappy daemon...
[   26.979975] cloud-init[947]: |     . . + . . +o|
[   27.027445] cloud-init[947]: |       .. . .    |
[   27.041320] cloud-init[947]: |      o.o...     |
[   27.046558] cloud-init[947]: |    .+E=.+.      |
[   27.047061] cloud-init[947]: +----[SHA256]-----+
[[0;32m  OK  [0m] Started System Logging Service.
[   27.047304] cloud-init[947]: Generating public/private dsa key pair.
[[   27.091957] cloud-init[947]: Your identification has been saved in /etc/ssh/ssh_host_dsa_key.
[   27.092581] cloud-init[947]: Your public key has been saved in /etc/ssh/ssh_host_dsa_key.pub.
[0;32m  OK  [0m] Started LXD - container startup/shutdown.
[   27.092841] cloud-init[947]: The key fingerprint is:
[   27.153801] cloud-init[947]: SHA256:7uIu3A/TidQzKYiLdqxEe4Q9LKIBnImTsKjQbeF4Xis root@ubuntu-xenial
[   27.154284] cloud-init[947]: The key's randomart image is:
[[0;32m  OK  [0m] Started /etc/rc.local Compatibility.
[   27.154551] cloud-init[947]: +---[DSA 1024]----+
[   27.208888] cloud-init[947]: |.   .            |
[   27.209311] cloud-init[947]: |=+o+ .           |
[[0;32m  OK  [0m] Started Snappy daemon.
[   27.209594] cloud-init[947]: |O+o = .          |
[   27.242158] cloud-init[947]: |+.+= o o .       |
[   27.264974] cloud-init[947]: |++.=E + S        |
[[0;32m  OK  [0m] Started Login to default iSCSI targets.
[   27.284973] cloud-init[947]: |+o=..o = +       |
[   27.304124] cloud-init[947]: |o+.= .+ +        |
[   27.315170] cloud-init[947]: |o + o o+         |
[   27.332158] [cloud-init[0;32m  OK  [0m[947]: ] | .   +ooo        |Started LSB: MD monitoring daemon.

[[0;32m  OK  [0m] Started Virtualbox guest utils.
[   27.332843] cloud-init[947]: +----[SHA256]-----+
[   27.373143] [cloud-init[0;32m  OK  [0m[947]: ] Generating public/private ecdsa key pair.Started LSB: Record successful boot for GRUB.

[   27.373867] cloud-init[947]: Your identification has been saved in /etc/ssh/ssh_host_ecdsa_key.
[[0;32m  OK  [0m] Started Login Service.
[   27.403819] cloud-init[947]: Your public key has been saved in /etc/ssh/ssh_host_ecdsa_key.pub.
[   27.444400] cloud-init[947]: The key fingerprint is:
[[0;32m  OK  [0m] Started Unattended Upgrades Shutdown.
[   27.454573] cloud-init[947]: SHA256:n1DtSkY+9waTD7FspmHwoRqdktVEbJznhltEePo8PPU root@ubuntu-xenial
         Starting Authenticate and Authorize Users to Run Privileged Tasks...
[[0;32m  OK  [0m] Reached target Remote File Systems (Pre).
[[0;32m  OK  [0m] Reached target Remote File Systems.
[   27.508987] cloud-init[947]: The key's randomart image is:
         Starting LSB: automatic crash report generation...
[   27.575834] cloud-init[947]: +---[ECDSA 256]---+
[   27.610116] cloud-init[947]: |         +o+.    |
[   27.633066] cloud-init[947]: |         o*.+    |
[   27.633460] cloud-init[947]: |        o.=Bo    |
         Starting LSB: Set the CPU Frequency Scaling governor to "ondemand"...
[   27.633721] cloud-init[947]: |       + Oo+++.  |
[   27.656826] cloud-init[947]: |      + S OB%. . |
         Starting Permit User Sessions...
         Starting LSB: daemon to balance interrupts for SMP systems...
         Starting Wait until snapd is fully seeded...
[[0;32m  OK  [0m] Started Permit User Sessions.
[[0;32m  OK  [0m] Started Authenticate and Authorize Users to Run Privileged Tasks.
[[0;32m  OK  [0m] Started Accounts Service.
[   27.674326] cloud-init[947]: |       + *.X**  E|
[   27.772564] cloud-init[947]: |      .   =  o+  |
[   27.772946] cloud-init[947]: |             .   |
[[0;32m  OK  [0m] Started LSB: automatic crash report generation.
[[   27.773236] cloud-init[947]: |                 |
[   27.808929] cloud-init[947]: +----[SHA256]-----+
[0;32m  OK  [0m] Started LSB: Set the CPU Frequency Scaling governor to "ondemand".
[   27.809110] cloud-init[947]: Generating public/private ed25519 key pair.
[   27.890051] cloud-init[947]: Your identification has been saved in /etc/ssh/ssh_host_ed25519_key.
         Starting Hold until boot process finishes up...
[   27.907901] cloud-init[947]: Your public key has been saved in /etc/ssh/ssh_host_ed25519_key.pub.
[   27.919918] cloud-init[947]: The key fingerprint is:
[   27.920356] cloud-init[947]: SHA256:eugM2vc1vTXnB+AcddR9n9iV91kdMJU4dOWGxYELjC8 root@ubuntu-xenial
         Starting Terminate Plymouth Boot Screen...
[   27.920612] cloud-init[947]: The key's randomart image is:
[   27.997280] cloud-init[947]: +--[ED25519 256]--+
[   27.997627] cloud-init[947]: |          o .+=B&|
[[0;32m  OK  [0m] Started Pollinate to seed the pseudo random number generator.
[   27.997914] cloud-init[947]: |         . o ++*@|
[[0;32m  OK  [0m] Started LSB: daemon to balance interrupts for SMP systems.
[[0;32m  OK  [0m[   28.037863] cloud-init[947]: |          . ..*.%|
[   28.038111] cloud-init[947]: |         E .oo =o|
] Started Hold until boot process finishes up.
[[0;32m  OK  [0m] Started Terminate Plymouth Boot Screen.
[   28.038385] cloud-init[947]: |        S .o o   |
[[0;32m  OK  [0m] Started Getty on tty1.
[   28.104422] cloud-init[947]: |       o   .o .  |
[[0;32m  OK  [0m] Started Serial Getty on ttyS0.
[   28.125323] cloud-init[947]: |    . o . o . o..|
[[0;32m  OK  [0m] Reached target Login Prompts.
[   28.137275] cloud-init[947]: |   o +.. . . o +.|
[   28.150631] cloud-init[947]: |  . ..o..   .   o|
[   28.165083]          cloud-initStarting Set console scheme...[947]: 
+----[SHA256]-----+
         Starting OpenBSD Secure Shell server...
[[0;32m  OK  [0m] Started Set console scheme.
[[0;32m  OK  [0m] Started OpenBSD Secure Shell server.
[[0;32m  OK  [0m] Started Wait until snapd is fully seeded.
         Starting Apply the settings specified in cloud-config...
[[0;32m  OK  [0m] Reached target Multi-User System.
[[0;32m  OK  [0m] Reached target Graphical Interface.
         Starting Update UTMP about System Runlevel Changes...
[[0;32m  OK  [0m] Started Update UTMP about System Runlevel Changes.
[   30.228278] cloud-init[1283]: Generating locales (this might take a while)...
[[0;32m  OK  [0m] Created slice User Slice of vagrant.
         Starting User Manager for UID 1000...
[[0;32m  OK  [0m] Started Session 1 of user vagrant.
[[0;32m  OK  [0m] Started User Manager for UID 1000.
[   31.301760] cloud-init[1283]:   en_US.UTF-8... done
[   31.320838] cloud-init[1283]: Generation complete.
[   31.678271] cloud-init[1283]: Cloud-init v. 18.5-45-g3554ffe8-0ubuntu1~16.04.1 running 'modules:config' at Sat, 08 Jun 2019 18:18:10 +0000. Up 30.11 seconds.
[[0;32m  OK  [0m] Started Apply the settings specified in cloud-config.
         Starting Execute cloud user/final scripts...
ci-info: no authorized ssh keys fingerprints found for user ubuntu.
<14>Jun  8 18:18:13 ec2: 
<14>Jun  8 18:18:13 ec2: #############################################################
<14>Jun  8 18:18:13 ec2: -----BEGIN SSH HOST KEY FINGERPRINTS-----
<14>Jun  8 18:18:13 ec2: 1024 SHA256:7uIu3A/TidQzKYiLdqxEe4Q9LKIBnImTsKjQbeF4Xis root@ubuntu-xenial (DSA)
<14>Jun  8 18:18:13 ec2: 256 SHA256:n1DtSkY+9waTD7FspmHwoRqdktVEbJznhltEePo8PPU root@ubuntu-xenial (ECDSA)
<14>Jun  8 18:18:13 ec2: 256 SHA256:eugM2vc1vTXnB+AcddR9n9iV91kdMJU4dOWGxYELjC8 root@ubuntu-xenial (ED25519)
<14>Jun  8 18:18:13 ec2: 2048 SHA256:xyuFI43gPEQb6gUj05d3HGtl5fdN+HZ2kqp6onrpp7k root@ubuntu-xenial (RSA)
<14>Jun  8 18:18:13 ec2: -----END SSH HOST KEY FINGERPRINTS-----
<14>Jun  8 18:18:13 ec2: #############################################################
-----BEGIN SSH HOST KEY KEYS-----
ecdsa-sha2-nistp256 AAAAE2VjZHNhLXNoYTItbmlzdHAyNTYAAAAIbmlzdHAyNTYAAABBBBazd9r2UJWQhE0IVX5jWwxYfDcSPAwHt598oolaV6tEGFc4pp0j8iPdlQ/09P09Pz2hxJ9hqVIn/ZlwCouyWCM= root@ubuntu-xenial
ssh-ed25519 AAAAC3NzaC1lZDI1NTE5AAAAICZPZXvPuoPDd6LJpZOwQCckDntYSGrGfyIl9q2VjJ/j root@ubuntu-xenial
ssh-rsa AAAAB3NzaC1yc2EAAAADAQABAAABAQC8rAdneUTrYQjgHqvPC176gy5seW9m+Fpawzz1kzs8cLR1HOA6gwFYhYGO8/OgV3y2ozukLkAJhl2odQflVxKiJw8wIa6BJ6Yz8ZrHJy42X3UM6scJSzo8q7HKHeYAy4j2BT2+xROYbWwdy5yi4ZnNX/Rp7wecyo1fLCxBDvHdcdQJTb0rshvxnJhgdi7GZkFMjJ/PockUfrByny844UdCw93OBlr+/Vc0Qrnr+PfzmwiKUSPibO/SZUaELxSAUz/Gpu4SXFY4YhnbONGY44xv0f3CzcLk1cNZhC4QD/KrwulmbzeOB6DknlX045A16gCZo24osYLg1SMhA/cH/XFF root@ubuntu-xenial
-----END SSH HOST KEY KEYS-----
[   32.599556] cloud-init[1432]: Cloud-init v. 18.5-45-g3554ffe8-0ubuntu1~16.04.1 running 'modules:final' at Sat, 08 Jun 2019 18:18:12 +0000. Up 32.12 seconds.
[   32.613047] cloud-init[1432]: ci-info: no authorized ssh keys fingerprints found for user ubuntu.
[   32.622774] cloud-init[1432]: Cloud-init v. 18.5-45-g3554ffe8-0ubuntu1~16.04.1 finished at Sat, 08 Jun 2019 18:18:13 +0000. Datasource DataSourceNoCloud [seed=/dev/sdb][dsmode=net].  Up 32.58 seconds
[[0;32m  OK  [0m] Started Execute cloud user/final scripts.
[[0;32m  OK  [0m] Reached target Cloud-init target.

Ubuntu 16.04.6 LTS ubuntu-xenial ttyS0

ubuntu-xenial login: [[0;32m  OK  [0m] Closed Load/Save RF Kill Switch Status /dev/rfkill Watch.
         Stopping Authenticate and Authorize Users to Run Privileged Tasks...
         Stopping Session 10 of user vagrant.
[[0;32m  OK  [0m] Stopped target Graphical Interface.
         Stopping Accounts Service...
         Stopping ACPI event daemon...
[[0;32m  OK  [0m] Stopped target Timers.
[[0;32m  OK  [0m] Stopped Daily apt upgrade and clean activities.
[[0;32m  OK  [0m] Stopped Daily apt downl[[0;32m  OK  [0m] Stopped Wait until snapd is fully seeded.
         Stopping FUSE filesystem for LXC...
         Stopping LSB: automatic crash report generation...
         Stopping Deferred execution scheduler...
         Stopping Virtualbox guest utils...
         Stopping Regular background program processing daemon...
         Stopping LSB: Record successful boot for GRUB...
[[0;32m  OK  [0m] Unmounted /var/lib/lxcfs.
[[0;32m  OK  [0m] Stopped ACPI event daemon.
[[0;32m  OK  [0m] Stopped Accounts Service.
[[0;32m  OK  [0m] Stopped Regular background program processing daemon.
[[0;32m  OK  [0m] Stopped System Logging Service.
[[0;32m  OK  [0m] Stopped Deferred execution scheduler.
[[0;32m  OK  [0m] Stopped Unattended Upgrades Shutdown.
[[0;32m  OK  [0m] Stopped Authenticate and Authorize Users to Run Privileged Tasks.
[[0;32m  OK  [0m] Stopped Getty on tty1.
[[0;32m  OK  [0m] Stopped Serial Getty on ttyS0.
[[0;32m  OK  [0m] Stopped OpenBSD Secure Shell server.
[[0;32m  OK  [0m] Stopped User Manager for UID 1000.
[[0;32m  OK  [0m] Stopped Session 10 of user vagrant.
[[0;32m  OK  [0m] Stopped D-Bus System Message Bus.
[[0;32m  OK  [0m] Stopped FUSE filesystem for LXC.
[[0;32m  OK  [0m] Stopped LXD - container startup/shutdown.
[[0;32m  OK  [0m] Stopped LSB: MD monitoring daemon.
[[0;32m  OK  [0m] Stopped LSB: Set the CPU Frequency Scaling governor to "ondemand".
[[0;32m  OK  [0m] Stopped LSB: Start NTP daemon.
[[0;32m  OK  [0m] Stopped LSB: daemon to balance interrupts for SMP systems.
[[0;32m  OK  [0m] Stopped LSB: automatic crash report generation.
[[0;32m  OK  [0m] Stopped LSB: Record successful boot for GRUB.
[[0;32m  OK  [0m] Stopped Virtualbox guest utils.
[[0;32m  OK  [0m] Removed slice User Slice of vagrant.
[[0;32m  OK  [0m] Removed slice system-serial\x2dgetty.slice.
[[0;32m  OK  [0m] Stopped /etc/rc.local Compatibility.
         Stopping Permit User Sessions...
[[0;32m  OK  [0m] Removed slice system-getty.slice.
         Stopping Login Service...
[[0;32m  OK  [0m] Stopped Permit User Sessions.
[[0;32m  OK  [0m] Stopped target Remote File Systems.
[[0;32m  OK  [0m] Stopped target Remote File Systems (Pre).
         Stopping Login to default iSCSI targets...
[[0;32m  OK  [0m] Stopped Login Service.
[[0;32m  OK  [0m] Stopped target User and Group Name Lookups.
[[0;32m  OK  [0m] Stopped target Basic System.
[[0;32m  OK  [0m] Stopped target Sockets.
[[0;32m  OK  [0m] Closed Socket activation for snappy daemon.
[[0;32m  OK  [0m] Closed D-Bus System Message Bus Socket.
[[0;32m  OK  [0m] Closed UUID daemon activation socket.
[[0;32m  OK  [0m] Closed Syslog Socket.
[[0;32m  OK  [0m] Closed LXD - unix socket.
[[0;32m  OK  [0m] Closed ACPID Listen Socket.
[[0;32m  OK  [0m] Stopped target Slices.
[[0;32m  OK  [0m] Removed slice User and Session Slice.
[[0;32m  OK  [0m] Stopped target Paths.
[[0;32m  OK  [0m] Stopped ACPI Events Check.
[[0;32m  OK  [0m] Stopped Dispatch Password Requests to Console Directory Watch.
[[0;32m  OK  [0m] Stopped Forward Password Requests to Wall Directory Watch.
[[0;32m  OK  [0m] Stopped target System Initialization.
[[0;32m  OK  [0m] Stopped Commit a transient machine-id on disk.
[[0;32m  OK  [0m] Stopped target Swap.
         Stopping Load/Save Random Seed...
[[0;32m  OK  [0m] Stopped target Encrypted Volumes.
         Stopping Update UTMP about System Boot/Shutdown...
[[0;32m  OK  [0m] Stopped Login to default iSCSI targets.
[[0;32m  OK  [0m] Stopped Load/Save Random Seed.
[[0;32m  OK  [0m] Stopped Update UTMP about System Boot/Shutdown.
         Stopping Security Auditing Service...
         Stopping iSCSI initiator daemon (iscsid)...
[[0;32m  OK  [0m] Stopped Security Auditing Service.
[[0;32m  OK  [0m] Stopped iSCSI initiator daemon (iscsid).
[[0;32m  OK  [0m] Stopped target Network is Online.
[[0;32m  OK  [0m] Stopped target Network.
[[0;32m  OK  [0m] Stopped Initial cloud-init job (metadata service crawler).
         Stopping Raise network interfaces...
[[0;32m  OK  [0m] Stopped Create Volatile Files and Directories.
[[0;32m  OK  [0m] Stopped Raise network interfaces.
[[0;32m  OK  [0m] Stopped target Network (Pre).
[[0;32m  OK  [0m] Stopped Initial cloud-init job (pre-networking).
[[0;32m  OK  [0m] Stopped Apply Kernel Variables.
[[0;32m  OK  [0m] Stopped Load Kernel Modules.
[[0;32m  OK  [0m] Stopped target Local File Systems.
         Unmounting /run/user/1000...
         Unmounting /vagrant...
[[0;32m  OK  [0m] Unmounted /run/user/1000.
[[0;32m  OK  [0m] Unmounted /vagrant.
[[0;32m  OK  [0m] Reached target Unmount All Filesystems.
[[0;32m  OK  [0m] Stopped target Local File Systems (Pre).
[[0;32m  OK  [0m] Stopped Create Static Device Nodes in /dev.
         Stopping Monitoring of LVM2 mirrors... dmeventd or progress polling...
[[0;32m  OK  [0m] Stopped Remount Root and Kernel File Systems.
[[0;32m  OK  [0m] Reached target Shutdown.
[  945.411483] reboot: Power down
